151 engins locaux à migrer
Login prod OK
144 engins déjà en prod
[1/151] LEB-BUL-01 OK (id prod 1)
[2/151] LEB-CB-01 OK (id prod 2)
[3/151] LEB-PC-01 OK (id prod 3)
[4/151] CB0123 OK (id prod 4)
[5/151] TR0027 OK (id prod 5)
[6/151] LAM-BUL-01 OK (id prod 6)
[7/151] LAM-CO-01 OK (id prod 7)
[8/151] LAM-PIH-01 OK (id prod 8)
[9/151] LAM-PC-01 OK (id prod 9)
[10/151] LAM-PC-02 OK (id prod 10)
[11/151] AB0004 OK (id prod 11)
[12/151] B7026 OK (id prod 12)
[13/151] CB0114 OK (id prod 13)
[14/151] CB0117 OK (id prod 14)
[15/151] CB0119 OK (id prod 15)
[16/151] CB0125 OK (id prod 16)
[17/151] CB0126 OK (id prod 17)
[18/151] KNG-CCE-01 OK (id prod 18)
[19/151] KNG-HIB-01 OK (id prod 19)
[20/151] CH2004 OK (id prod 20)
[21/151] KNG-ELE-01 OK (id prod 21)
[22/151] CO0023 OK (id prod 22)
[23/151] CO0006 OK (id prod 23)
[24/151] CO0025 OK (id prod 24)
[25/151] GO0001 OK (id prod 25)
[26/151] GO0009 OK (id prod 26)
[27/151] PC1001 OK (id prod 27)
[28/151] PC2028 OK (id prod 28)
[29/151] PC2023 OK (id prod 29)
[30/151] PC2032 OK (id prod 30)
[31/151] TR0019 OK (id prod 31)
[32/151] TR0025 OK (id prod 32)
[33/151] AB0003 OK (id prod 33)
[34/151] NKL-BUL-01 OK (id prod 34)
[35/151] NKL-BUL-02 OK (id prod 35)
[36/151] CB0116 OK (id prod 36)
[37/151] CB0122 OK (id prod 37)
[38/151] CB0124 OK (id prod 38)
[39/151] CCE015 OK (id prod 39)
[40/151] CO0031 OK (id prod 40)
[41/151] CO0021 OK (id prod 41)
[42/151] GO0024 OK (id prod 42)
[43/151] NKL-PC-01 OK (id prod 43)
[44/151] NKL-PC-02 OK (id prod 44)
[45/151] NKL-CB-01 OK (id prod 45)
[46/151] NKL-CB-02 OK (id prod 46)
[47/151] NKL-CB-03 OK (id prod 47)
[48/151] NKL-CB-04 OK (id prod 48)
[49/151] NKL-CB-05 OK (id prod 49)
[50/151] NKL-CB-06 OK (id prod 50)
[51/151] PC2027 OK (id prod 51)
[52/151] PC3022 OK (id prod 52)
[53/151] PC3021 OK (id prod 53)
[54/151] TR0020 OK (id prod 54)
[55/151] TR0021 OK (id prod 55)
[56/151] CMP-CO-01 OK (id prod 56)
[57/151] CMP-TR-01 OK (id prod 57)
[58/151] JRB-BUL-01 OK (id prod 58)
[59/151] B7021 OK (id prod 59)
[60/151] B7028 OK (id prod 60)
[61/151] JRB-CB-01 OK (id prod 61)
[62/151] JRB-CB-02 OK (id prod 62)
[63/151] JRB-CB-03 OK (id prod 63)
[64/151] JRB-CB-04 OK (id prod 64)
[65/151] JRB-CB-05 OK (id prod 65)
[66/151] JRB-CB-06 OK (id prod 66)
[67/151] JRB-CB-07 OK (id prod 67)
[68/151] JRB-CB-08 OK (id prod 68)
[69/151] JRB-CB-09 OK (id prod 69)
[70/151] JRB-CB-10 OK (id prod 70)
[71/151] JRB-CB-11 OK (id prod 71)
[72/151] JRB-CB-12 OK (id prod 72)
[73/151] JRB-CB-13 OK (id prod 73)
[74/151] JRB-CB-14 OK (id prod 74)
[75/151] JRB-CB-15 OK (id prod 75)
[76/151] JRB-HIB-01 OK (id prod 76)
[77/151] JRB-HIB-02 OK (id prod 77)
[78/151] CG0001 OK (id prod 78)
[79/151] CP0001 OK (id prod 79)
[80/151] CT0001 OK (id prod 80)
[81/151] CCE0017 OK (id prod 81)
[82/151] CH2023 OK (id prod 82)
[83/151] CH2024 OK (id prod 83)
[84/151] GO0025 OK (id prod 84)
[85/151] TE0006 OK (id prod 85)
[86/151] JRB-CO-01 OK (id prod 86)
[87/151] JRB-CO-02 OK (id prod 87)
[88/151] JRB-CO-03 OK (id prod 88)
[89/151] GR0001 OK (id prod 89)
[90/151] GR0002 OK (id prod 90)
[91/151] JRB-GO-01 OK (id prod 91)
[92/151] JRB-PC-01 OK (id prod 92)
[93/151] JRB-PC-02 OK (id prod 93)
[94/151] JRB-PC-03 OK (id prod 94)
[95/151] PC2030 OK (id prod 95)
[96/151] PC2031 OK (id prod 96)
[97/151] PC2025 OK (id prod 97)
[98/151] PC2024 OK (id prod 98)
[99/151] PC2035 OK (id prod 99)
[100/151] PC2036 OK (id prod 100)
[101/151] JRB-PC-04 OK (id prod 101)
[102/151] TR0023 OK (id prod 102)
[103/151] TR0024 OK (id prod 103)
[104/151] BDM-CH-01 OK (id prod 104)
[105/151] BDM-CH-02 OK (id prod 105)
[106/151] BDM-PC-01 OK (id prod 106)
[107/151] BDM-PC-02 OK (id prod 107)
[108/151] AKI-BUL-01 OK (id prod 108)
[109/151] AKI-HIB-01 OK (id prod 109)
[110/151] AKI-CB-01 OK (id prod 110)
[111/151] AKI-CB-02 OK (id prod 111)
[112/151] AKI-CB-03 OK (id prod 112)
[113/151] AKI-CB-04 OK (id prod 113)
[114/151] AKI-CB-05 OK (id prod 114)
[115/151] AKI-CB-06 OK (id prod 115)
[116/151] CO0027 OK (id prod 116)
[117/151] GO0023 OK (id prod 117)
[118/151] PC2026 OK (id prod 118)
[119/151] PC2029 OK (id prod 119)
[120/151] PC3015 OK (id prod 120)
[121/151] TR0026 OK (id prod 121)
[122/151] TR0022 OK (id prod 122)
[123/151] CO0030 OK (id prod 123)
[124/151] TR0028 OK (id prod 124)
[125/151] BEL-PC-01 OK (id prod 125)
[126/151] V5E-PC-01 OK (id prod 126)
[127/151] V5E-CB-01 OK (id prod 127)
[128/151] V5E-CO-01 OK (id prod 128)
[129/151] GO0028 OK (id prod 129)
[130/151] V5E-CB-02 OK (id prod 130)
[131/151] V5E-TR-01 OK (id prod 131)
[132/151] B7027 OK (id prod 132)
[133/151] BLW-CB-01 OK (id prod 133)
[134/151] BLW-CB-02 OK (id prod 134)
[135/151] CO0008 OK (id prod 135)
[136/151] CO0028 OK (id prod 136)
[137/151] DO0014 OK (id prod 137)
[138/151] DO3500 OK (id prod 138)
[139/151] GO0027 OK (id prod 139)
[140/151] PC02033 OK (id prod 140)
[141/151] PC2034 OK (id prod 141)
[142/151] BLW-PC-01 OK (id prod 142)
[143/151] B7025 OK (id prod 143)
[144/151] CB0121 OK (id prod 144)
[145/151] CB0120 OK (id prod 145)
[146/151] CB0115 OK (id prod 146)
[147/151] CO0007 OK (id prod 147)
[148/151] CO0026 OK (id prod 148)
[149/151] PC2022 OK (id prod 149)
[150/151] DNG-PC-01 OK (id prod 150)
[151/151] Gabon-2026 OK (id prod 151)

Terminé : 7 créés, 144 déjà présents, 151 photos uploadées, 0 erreurs
